2025-08-11 17:52:29,924 - __main__ - ERROR - Unexpected error: Can't instantiate abstract class HashUpdater without an implementation for abstract method 'validate_configuration'
2025-08-11 17:54:06,859 - __main__ - ERROR - Unexpected error: 'SystemConfiguration' object has no attribute 'get_config'
2025-08-11 17:55:21,878 - component.HashUpdater - INFO - Initializing Hash Updater
2025-08-11 17:55:21,878 - component.HashUpdater - INFO - Hash Updater initialized successfully
2025-08-11 17:55:21,878 - component.HashUpdater - INFO - Starting hash update process for directory: components
2025-08-11 17:55:21,882 - component.HashUpdater - INFO - Found 25 YAML files to process
2025-08-11 17:55:21,883 - component.HashUpdater - INFO - Processing file: components\ai_tools.yaml
2025-08-11 17:55:21,889 - component.HashUpdater - INFO - Found 2 pending hashes in components\ai_tools.yaml
2025-08-11 17:55:21,890 - component.HashUpdater - INFO - Processing LM Studio: HASH_NEEDS_UPDATE -> downloading from https://releases.lmstudio.ai/windows/x64/0.2.15/LM%20Studio-0.2.15-Setup.exe
2025-08-11 17:55:21,890 - component.HashUpdater - INFO - DRY RUN: Would download and update LM Studio
2025-08-11 17:55:21,890 - component.HashUpdater - INFO - Processing NVIDIA CUDA Toolkit: HASH_PENDENTE_VERIFICACAO -> downloading from https://developer.download.nvidia.com/compute/cuda/12.3.2/local_installers/cuda_12.3.2_546.12_windows.exe
2025-08-11 17:55:21,890 - component.HashUpdater - INFO - DRY RUN: Would download and update NVIDIA CUDA Toolkit
2025-08-11 17:55:21,890 - component.HashUpdater - INFO - Processing file: components\audio_tools_windows.yaml
2025-08-11 17:55:21,895 - component.HashUpdater - INFO - Found 3 pending hashes in components\audio_tools_windows.yaml
2025-08-11 17:55:21,896 - component.HashUpdater - INFO - Processing Voicemeeter Banana: HASH_PENDENTE_VERIFICACAO -> downloading from https://download.vb-audio.com/Download_CABLE/VoicemeeterProSetup.exe
2025-08-11 17:55:21,896 - component.HashUpdater - INFO - DRY RUN: Would download and update Voicemeeter Banana
2025-08-11 17:55:21,896 - component.HashUpdater - INFO - Processing Equalizer APO: HASH_PENDENTE_VERIFICACAO -> downloading from https://sourceforge.net/projects/equalizerapo/files/1.3/EqualizerAPO64-1.3.exe/download
2025-08-11 17:55:21,897 - component.HashUpdater - INFO - DRY RUN: Would download and update Equalizer APO
2025-08-11 17:55:21,897 - component.HashUpdater - INFO - Processing VB-CABLE Virtual Audio Cable: HASH_PENDENTE_VERIFICACAO -> downloading from https://download.vb-audio.com/Download_CABLE/VBCABLE_Driver_Pack43.zip
2025-08-11 17:55:21,898 - component.HashUpdater - INFO - DRY RUN: Would download and update VB-CABLE Virtual Audio Cable
2025-08-11 17:55:21,898 - component.HashUpdater - INFO - Processing file: components\backup_sync_windows.yaml
2025-08-11 17:55:21,902 - component.HashUpdater - INFO - Found 2 pending hashes in components\backup_sync_windows.yaml
2025-08-11 17:55:21,902 - component.HashUpdater - INFO - Processing FreeFileSync: HASH_PENDENTE_VERIFICACAO -> downloading from https://freefilesync.org/download.php
2025-08-11 17:55:21,902 - component.HashUpdater - INFO - DRY RUN: Would download and update FreeFileSync
2025-08-11 17:55:21,903 - component.HashUpdater - INFO - Processing WinDirStat: HASH_NEEDS_UPDATE -> downloading from https://sourceforge.net/projects/windirstat/files/latest/download
2025-08-11 17:55:21,903 - component.HashUpdater - INFO - DRY RUN: Would download and update WinDirStat
2025-08-11 17:55:21,903 - component.HashUpdater - INFO - Processing file: components\boot_managers.yaml
2025-08-11 17:55:21,913 - component.HashUpdater - INFO - Found 1 pending hashes in components\boot_managers.yaml
2025-08-11 17:55:21,914 - component.HashUpdater - INFO - Processing Grub2Win: HASH_PENDENTE_VERIFICACAO -> downloading from https://sourceforge.net/projects/grub2win/files/latest/download
2025-08-11 17:55:21,914 - component.HashUpdater - INFO - DRY RUN: Would download and update Grub2Win
2025-08-11 17:55:21,914 - component.HashUpdater - INFO - Processing file: components\capture_streaming_windows.yaml
2025-08-11 17:55:21,920 - component.HashUpdater - INFO - Found 3 pending hashes in components\capture_streaming_windows.yaml
2025-08-11 17:55:21,920 - component.HashUpdater - INFO - Processing OBS Studio: HASH_PENDENTE_VERIFICACAO -> downloading from https://cdn-fastly.obsproject.com/downloads/OBS-Studio-30.1.2-Full-Installer-x64.exe
2025-08-11 17:55:21,921 - component.HashUpdater - INFO - DRY RUN: Would download and update OBS Studio
2025-08-11 17:55:21,921 - component.HashUpdater - INFO - Processing NVIDIA GeForce Experience (inclui ShadowPlay): HASH_PENDENTE_VERIFICACAO -> downloading from https://www.nvidia.com/pt-br/geforce/geforce-experience/download/
2025-08-11 17:55:21,922 - component.HashUpdater - INFO - DRY RUN: Would download and update NVIDIA GeForce Experience (inclui ShadowPlay)
2025-08-11 17:55:21,922 - component.HashUpdater - INFO - Processing ShareX: HASH_PENDENTE_VERIFICACAO -> downloading from https://github.com/ShareX/ShareX/releases/download/v16.0.1/ShareX-16.0.1-setup.exe
2025-08-11 17:55:21,923 - component.HashUpdater - INFO - DRY RUN: Would download and update ShareX
2025-08-11 17:55:21,923 - component.HashUpdater - INFO - Processing file: components\common_utils.yaml
2025-08-11 17:55:21,933 - component.HashUpdater - INFO - Found 4 pending hashes in components\common_utils.yaml
2025-08-11 17:55:21,933 - component.HashUpdater - INFO - Processing 7-Zip: HASH_PENDENTE_VERIFICACAO -> downloading from https://www.7-zip.org/a/7z2409-x64.exe
2025-08-11 17:55:21,933 - component.HashUpdater - INFO - DRY RUN: Would download and update 7-Zip
2025-08-11 17:55:21,933 - component.HashUpdater - INFO - Processing HardLinkShellExt_X64: HASH_NEEDS_UPDATE -> downloading from https://schinagl.priv.at/nt/hardlinkshellext/linkshellextension.html
2025-08-11 17:55:21,934 - component.HashUpdater - INFO - DRY RUN: Would download and update HardLinkShellExt_X64
2025-08-11 17:55:21,934 - component.HashUpdater - INFO - Processing Notepad++: HASH_PENDENTE_VERIFICACAO -> downloading from https://github.com/notepad-plus-plus/notepad-plus-plus/releases/download/v8.6.2/npp.8.6.2.Installer.x64.exe
2025-08-11 17:55:21,934 - component.HashUpdater - INFO - DRY RUN: Would download and update Notepad++
2025-08-11 17:55:21,934 - component.HashUpdater - INFO - Processing Revo Uninstaller: HASH_PENDENTE_VERIFICACAO -> downloading from https://www.revouninstaller.com/download-free-portable.php
2025-08-11 17:55:21,934 - component.HashUpdater - INFO - DRY RUN: Would download and update Revo Uninstaller
2025-08-11 17:55:21,934 - component.HashUpdater - INFO - Processing file: components\communication_productivity.yaml
2025-08-11 17:55:21,946 - component.HashUpdater - INFO - Found 8 pending hashes in components\communication_productivity.yaml
2025-08-11 17:55:21,947 - component.HashUpdater - INFO - Processing Discord: HASH_PENDENTE_VERIFICACAO -> downloading from https://discord.com/api/downloads/distributions/app/installers/latest?channel=stable&platform=win&arch=x64
2025-08-11 17:55:21,947 - component.HashUpdater - INFO - DRY RUN: Would download and update Discord
2025-08-11 17:55:21,947 - component.HashUpdater - INFO - Processing Slack: HASH_PENDENTE_VERIFICACAO -> downloading from https://downloads.slack-edge.com/releases/windows/4.36.140/prod/x64/SlackSetup.exe
2025-08-11 17:55:21,947 - component.HashUpdater - INFO - DRY RUN: Would download and update Slack
2025-08-11 17:55:21,947 - component.HashUpdater - INFO - Processing Microsoft Teams: HASH_PENDENTE_VERIFICACAO -> downloading from https://teams.microsoft.com/downloads/desktopurl?env=production&plat=windows&arch=x64&managedInstaller=true&download=true
2025-08-11 17:55:21,948 - component.HashUpdater - INFO - DRY RUN: Would download and update Microsoft Teams
2025-08-11 17:55:21,948 - component.HashUpdater - INFO - Processing Zoom: HASH_PENDENTE_VERIFICACAO -> downloading from https://zoom.us/client/5.17.5.2543/ZoomInstallerFull.exe
2025-08-11 17:55:21,948 - component.HashUpdater - INFO - DRY RUN: Would download and update Zoom
2025-08-11 17:55:21,948 - component.HashUpdater - INFO - Processing Notion: HASH_PENDENTE_VERIFICACAO -> downloading from https://www.notion.so/desktop/windows/download
2025-08-11 17:55:21,948 - component.HashUpdater - INFO - DRY RUN: Would download and update Notion
2025-08-11 17:55:21,948 - component.HashUpdater - INFO - Processing Obsidian: HASH_PENDENTE_VERIFICACAO -> downloading from https://github.com/obsidianmd/obsidian-releases/releases/latest/download/Obsidian.1.5.3.exe
2025-08-11 17:55:21,949 - component.HashUpdater - INFO - DRY RUN: Would download and update Obsidian
2025-08-11 17:55:21,949 - component.HashUpdater - INFO - Processing Trello: HASH_PENDENTE_VERIFICACAO -> downloading from https://trello.com/1/clients/electron/1.21.3/win32/ia32/Trello.exe
2025-08-11 17:55:21,949 - component.HashUpdater - INFO - DRY RUN: Would download and update Trello
2025-08-11 17:55:21,950 - component.HashUpdater - INFO - Processing WhatsApp Desktop: HASH_PENDENTE_VERIFICACAO -> downloading from https://web.whatsapp.com/desktop/windows/release/x64/WhatsAppSetup.exe
2025-08-11 17:55:21,950 - component.HashUpdater - INFO - DRY RUN: Would download and update WhatsApp Desktop
2025-08-11 17:55:21,950 - component.HashUpdater - INFO - Processing file: components\containers_virtualization.yaml
2025-08-11 17:55:21,957 - component.HashUpdater - INFO - Found 3 pending hashes in components\containers_virtualization.yaml
2025-08-11 17:55:21,957 - component.HashUpdater - INFO - Processing Docker Desktop: HASH_PENDENTE_VERIFICACAO -> downloading from https://desktop.docker.com/win/main/amd64/Docker%20Desktop%20Installer.exe
2025-08-11 17:55:21,957 - component.HashUpdater - INFO - DRY RUN: Would download and update Docker Desktop
2025-08-11 17:55:21,958 - component.HashUpdater - INFO - Processing VirtualBox: HASH_PENDENTE_VERIFICACAO -> downloading from https://download.virtualbox.org/virtualbox/7.0.12/VirtualBox-7.0.12-159484-Win.exe
2025-08-11 17:55:21,959 - component.HashUpdater - INFO - DRY RUN: Would download and update VirtualBox
2025-08-11 17:55:21,959 - component.HashUpdater - INFO - Processing VMware Workstation: HASH_PENDENTE_VERIFICACAO -> downloading from https://www.vmware.com/products/workstation-pro/workstation-pro-evaluation.html
2025-08-11 17:55:21,959 - component.HashUpdater - INFO - DRY RUN: Would download and update VMware Workstation
2025-08-11 17:55:21,960 - component.HashUpdater - INFO - Processing file: components\dev_tools.yaml
2025-08-11 17:55:21,966 - component.HashUpdater - INFO - Found 3 pending hashes in components\dev_tools.yaml
2025-08-11 17:55:21,966 - component.HashUpdater - INFO - Processing Clang: HASH_PENDENTE_VERIFICACAO -> downloading from https://github.com/llvm/llvm-project/releases/download/llvmorg-17.0.6/LLVM-17.0.6-win64.exe
2025-08-11 17:55:21,966 - component.HashUpdater - INFO - DRY RUN: Would download and update Clang
2025-08-11 17:55:21,967 - component.HashUpdater - INFO - Processing Git: HASH_PENDENTE_VERIFICACAO -> downloading from https://github.com/git-for-windows/git/releases/download/v2.43.0.windows.1/Git-2.43.0-64-bit.exe
2025-08-11 17:55:21,967 - component.HashUpdater - INFO - DRY RUN: Would download and update Git
2025-08-11 17:55:21,968 - component.HashUpdater - INFO - Processing Git Bash: HASH_PENDENTE_VERIFICACAO -> downloading from https://github.com/git-for-windows/git/releases/download/v2.43.0.windows.1/Git-2.43.0-64-bit.exe
2025-08-11 17:55:21,968 - component.HashUpdater - INFO - DRY RUN: Would download and update Git Bash
2025-08-11 17:55:21,968 - component.HashUpdater - INFO - Processing file: components\drivers_steamdeck.yaml
2025-08-11 17:55:21,976 - component.HashUpdater - INFO - Processing file: components\editors.yaml
2025-08-11 17:55:21,991 - component.HashUpdater - INFO - Found 3 pending hashes in components\editors.yaml
2025-08-11 17:55:21,991 - component.HashUpdater - INFO - Processing Cursor IDE: HASH_NEEDS_UPDATE -> downloading from https://download.cursor.sh/windows/nsis/x64
2025-08-11 17:55:21,991 - component.HashUpdater - INFO - DRY RUN: Would download and update Cursor IDE
2025-08-11 17:55:21,991 - component.HashUpdater - INFO - Processing Visual Studio Code: HASH_PENDENTE_VERIFICACAO -> downloading from https://code.visualstudio.com/sha/download?build=stable&os=win32-x64-user
2025-08-11 17:55:21,992 - component.HashUpdater - INFO - DRY RUN: Would download and update Visual Studio Code
2025-08-11 17:55:21,992 - component.HashUpdater - INFO - Processing Visual Studio Code Insiders: HASH_PENDENTE_VERIFICACAO -> downloading from https://code.visualstudio.com/sha/download?build=insider&os=win32-x64-user
2025-08-11 17:55:21,992 - component.HashUpdater - INFO - DRY RUN: Would download and update Visual Studio Code Insiders
2025-08-11 17:55:21,992 - component.HashUpdater - INFO - Processing file: components\emulators_windows.yaml
2025-08-11 17:55:22,010 - component.HashUpdater - INFO - Found 11 pending hashes in components\emulators_windows.yaml
2025-08-11 17:55:22,010 - component.HashUpdater - INFO - Processing Citra (Windows): HASH_NEEDS_UPDATE -> downloading from https://github.com/PabloMK7/citra/releases/latest/download/citra-windows-msvc.zip
2025-08-11 17:55:22,011 - component.HashUpdater - INFO - DRY RUN: Would download and update Citra (Windows)
2025-08-11 17:55:22,011 - component.HashUpdater - INFO - Processing Dolphin Emulator (Windows): HASH_PENDENTE_VERIFICACAO -> downloading from https://dl-mirror.dolphin-emu.org/5.0/dolphin-x64-5.0.exe
2025-08-11 17:55:22,012 - component.HashUpdater - INFO - DRY RUN: Would download and update Dolphin Emulator (Windows)
2025-08-11 17:55:22,012 - component.HashUpdater - INFO - Processing PCSX2 (Windows): HASH_NEEDS_UPDATE -> downloading from https://github.com/PCSX2/pcsx2/releases/latest/download/pcsx2-v2.0.2-windows-x64-Qt.7z
2025-08-11 17:55:22,012 - component.HashUpdater - INFO - DRY RUN: Would download and update PCSX2 (Windows)
2025-08-11 17:55:22,013 - component.HashUpdater - INFO - Processing RPCS3 (Windows): HASH_NEEDS_UPDATE -> downloading from https://github.com/RPCS3/rpcs3-binaries-win/releases/latest/download/rpcs3-v0.0.32-16445-4d5ff071_win64.7z
2025-08-11 17:55:22,013 - component.HashUpdater - INFO - DRY RUN: Would download and update RPCS3 (Windows)
2025-08-11 17:55:22,013 - component.HashUpdater - INFO - Processing RetroArch (Windows): HASH_NEEDS_UPDATE -> downloading from https://buildbot.libretro.com/stable/1.19.1/windows/x86_64/RetroArch.7z
2025-08-11 17:55:22,013 - component.HashUpdater - INFO - DRY RUN: Would download and update RetroArch (Windows)
2025-08-11 17:55:22,014 - component.HashUpdater - INFO - Processing Yuzu (Windows): HASH_NEEDS_UPDATE -> downloading from https://github.com/suyu-emu/suyu/releases/latest/download/suyu-windows-msvc.zip
2025-08-11 17:55:22,014 - component.HashUpdater - INFO - DRY RUN: Would download and update Yuzu (Windows)
2025-08-11 17:55:22,014 - component.HashUpdater - INFO - Processing Mednafen: HASH_PENDENTE_VERIFICACAO -> downloading from https://mednafen.github.io/releases/files/mednafen-1.29.0-win64.zip
2025-08-11 17:55:22,014 - component.HashUpdater - INFO - DRY RUN: Would download and update Mednafen
2025-08-11 17:55:22,015 - component.HashUpdater - INFO - Processing Mesen: HASH_NEEDS_UPDATE -> downloading from https://github.com/SourMesen/Mesen2/releases/latest/download/Mesen-Windows.zip
2025-08-11 17:55:22,015 - component.HashUpdater - INFO - DRY RUN: Would download and update Mesen
2025-08-11 17:55:22,015 - component.HashUpdater - INFO - Processing VBA-M (VisualBoyAdvance-M): HASH_NEEDS_UPDATE -> downloading from https://github.com/visualboyadvance-m/visualboyadvance-m/releases/latest/download/visualboyadvance-m-Win-x64.zip
2025-08-11 17:55:22,015 - component.HashUpdater - INFO - DRY RUN: Would download and update VBA-M (VisualBoyAdvance-M)
2025-08-11 17:55:22,015 - component.HashUpdater - INFO - Processing mGBA: HASH_NEEDS_UPDATE -> downloading from https://github.com/mgba-emu/mgba/releases/latest/download/mGBA-0.11.1-win64.7z
2025-08-11 17:55:22,015 - component.HashUpdater - INFO - DRY RUN: Would download and update mGBA
2025-08-11 17:55:22,015 - component.HashUpdater - INFO - Processing Flycast: HASH_NEEDS_UPDATE -> downloading from https://github.com/flyinghead/flycast/releases/latest
2025-08-11 17:55:22,016 - component.HashUpdater - INFO - DRY RUN: Would download and update Flycast
2025-08-11 17:55:22,016 - component.HashUpdater - INFO - Processing file: components\game_dev.yaml
2025-08-11 17:55:22,020 - component.HashUpdater - INFO - Found 3 pending hashes in components\game_dev.yaml
2025-08-11 17:55:22,020 - component.HashUpdater - INFO - Processing Unity Hub: HASH_PENDENTE_VERIFICACAO -> downloading from https://public-cdn.cloud.unity3d.com/hub/prod/UnityHubSetup.exe
2025-08-11 17:55:22,021 - component.HashUpdater - INFO - DRY RUN: Would download and update Unity Hub
2025-08-11 17:55:22,021 - component.HashUpdater - INFO - Processing Blender: HASH_PENDENTE_VERIFICACAO -> downloading from https://download.blender.org/release/Blender4.0/blender-4.0.2-windows-x64.msi
2025-08-11 17:55:22,021 - component.HashUpdater - INFO - DRY RUN: Would download and update Blender
2025-08-11 17:55:22,021 - component.HashUpdater - INFO - Processing NVIDIA Game Ready Driver: HASH_PENDENTE_VERIFICACAO -> downloading from https://us.download.nvidia.com/Windows/546.33/546.33-desktop-win10-win11-64bit-international-dch-whql.exe
2025-08-11 17:55:22,021 - component.HashUpdater - INFO - DRY RUN: Would download and update NVIDIA Game Ready Driver
2025-08-11 17:55:22,022 - component.HashUpdater - INFO - Processing file: components\game_launchers.yaml
2025-08-11 17:55:22,026 - component.HashUpdater - INFO - Found 3 pending hashes in components\game_launchers.yaml
2025-08-11 17:55:22,026 - component.HashUpdater - INFO - Processing Epic Games Launcher: HASH_PENDENTE_VERIFICACAO -> downloading from https://launcher-public-service-prod06.ol.epicgames.com/launcher/api/installer/download/EpicGamesLauncherInstaller.msi
2025-08-11 17:55:22,026 - component.HashUpdater - INFO - DRY RUN: Would download and update Epic Games Launcher
2025-08-11 17:55:22,026 - component.HashUpdater - INFO - Processing GOG Galaxy: HASH_NEEDS_UPDATE -> downloading from https://webinstallers.gog-statics.com/download/GOG_Galaxy_2.0.exe
2025-08-11 17:55:22,026 - component.HashUpdater - INFO - DRY RUN: Would download and update GOG Galaxy
2025-08-11 17:55:22,027 - component.HashUpdater - INFO - Processing Steam: HASH_PENDENTE_VERIFICACAO -> downloading from https://cdn.akamai.steamstatic.com/client/installer/SteamSetup.exe
2025-08-11 17:55:22,028 - component.HashUpdater - INFO - DRY RUN: Would download and update Steam
2025-08-11 17:55:22,029 - component.HashUpdater - INFO - Processing file: components\mcps.yaml
2025-08-11 17:55:22,035 - component.HashUpdater - INFO - Processing file: components\misc.yaml
2025-08-11 17:55:22,040 - component.HashUpdater - INFO - Found 3 pending hashes in components\misc.yaml
2025-08-11 17:55:22,041 - component.HashUpdater - INFO - Processing K-Lite Codec Pack: HASH_PENDENTE_VERIFICACAO -> downloading from https://files3.codecguide.com/K-Lite_Codec_Pack_1818_Standard.exe
2025-08-11 17:55:22,041 - component.HashUpdater - INFO - DRY RUN: Would download and update K-Lite Codec Pack
2025-08-11 17:55:22,041 - component.HashUpdater - INFO - Processing PowerToys: HASH_PENDENTE_VERIFICACAO -> downloading from https://github.com/microsoft/PowerToys/releases/download/v0.83.0/PowerToysSetup-0.83.0-x64.exe
2025-08-11 17:55:22,042 - component.HashUpdater - INFO - DRY RUN: Would download and update PowerToys
2025-08-11 17:55:22,042 - component.HashUpdater - INFO - Processing VcXsrv: HASH_PENDENTE_VERIFICACAO -> downloading from https://sourceforge.net/projects/vcxsrv/files/latest/download
2025-08-11 17:55:22,042 - component.HashUpdater - INFO - DRY RUN: Would download and update VcXsrv
2025-08-11 17:55:22,043 - component.HashUpdater - INFO - Processing file: components\modding_tools_windows.yaml
2025-08-11 17:55:22,047 - component.HashUpdater - INFO - Found 3 pending hashes in components\modding_tools_windows.yaml
2025-08-11 17:55:22,048 - component.HashUpdater - INFO - Processing CKAN (Comprehensive Kerbal Archive Network): HASH_PENDENTE_VERIFICACAO -> downloading from https://github.com/KSP-CKAN/CKAN/releases/latest/download/ckan.exe
2025-08-11 17:55:22,048 - component.HashUpdater - INFO - DRY RUN: Would download and update CKAN (Comprehensive Kerbal Archive Network)
2025-08-11 17:55:22,049 - component.HashUpdater - INFO - Processing Mod Organizer 2 (MO2): HASH_PENDENTE_VERIFICACAO -> downloading from https://github.com/ModOrganizer2/modorganizer/releases/latest
2025-08-11 17:55:22,049 - component.HashUpdater - INFO - DRY RUN: Would download and update Mod Organizer 2 (MO2)
2025-08-11 17:55:22,049 - component.HashUpdater - INFO - Processing Vortex (Nexus Mods Manager): HASH_NEEDS_UPDATE -> downloading from https://github.com/Nexus-Mods/Vortex/releases/latest/download/Vortex-1.11.4-installer.exe
2025-08-11 17:55:22,050 - component.HashUpdater - INFO - DRY RUN: Would download and update Vortex (Nexus Mods Manager)
2025-08-11 17:55:22,050 - component.HashUpdater - INFO - Processing file: components\network_tools_windows.yaml
2025-08-11 17:55:22,053 - component.HashUpdater - INFO - Found 1 pending hashes in components\network_tools_windows.yaml
2025-08-11 17:55:22,054 - component.HashUpdater - INFO - Processing Wireshark: HASH_PENDENTE_VERIFICACAO -> downloading from https://1.na.dl.wireshark.org/win64/Wireshark-4.2.4-x64.exe
2025-08-11 17:55:22,054 - component.HashUpdater - INFO - DRY RUN: Would download and update Wireshark
2025-08-11 17:55:22,054 - component.HashUpdater - INFO - Processing file: components\optimization_windows.yaml
2025-08-11 17:55:22,061 - component.HashUpdater - INFO - Found 2 pending hashes in components\optimization_windows.yaml
2025-08-11 17:55:22,062 - component.HashUpdater - INFO - Processing Game Fire: HASH_PENDENTE_VERIFICACAO -> downloading from https://www.smartpcutilities.com/files/gamefire_setup.exe
2025-08-11 17:55:22,062 - component.HashUpdater - INFO - DRY RUN: Would download and update Game Fire
2025-08-11 17:55:22,063 - component.HashUpdater - INFO - Processing Process Lasso: HASH_PENDENTE_VERIFICACAO -> downloading from https://bitsum.com/files/processlassosetup64.exe
2025-08-11 17:55:22,063 - component.HashUpdater - INFO - DRY RUN: Would download and update Process Lasso
2025-08-11 17:55:22,064 - component.HashUpdater - INFO - Processing file: components\retro_devkits.yaml
2025-08-11 17:55:22,111 - component.HashUpdater - INFO - Found 31 pending hashes in components\retro_devkits.yaml
2025-08-11 17:55:22,111 - component.HashUpdater - INFO - Processing GBDK (Game Boy Development Kit): HASH_PENDENTE_VERIFICACAO -> downloading from https://github.com/gbdk-2020/gbdk-2020/releases/latest/download/gbdk-win.zip
2025-08-11 17:55:22,112 - component.HashUpdater - INFO - DRY RUN: Would download and update GBDK (Game Boy Development Kit)
2025-08-11 17:55:22,112 - component.HashUpdater - INFO - Processing SNES Development Kit (CC65): HASH_PENDENTE_VERIFICACAO -> downloading from https://github.com/cc65/cc65/releases/latest/download/cc65-snapshot-win32.zip
2025-08-11 17:55:22,112 - component.HashUpdater - INFO - DRY RUN: Would download and update SNES Development Kit (CC65)
2025-08-11 17:55:22,112 - component.HashUpdater - INFO - Processing PSX Development Kit (PSn00bSDK): HASH_PENDENTE_VERIFICACAO -> downloading from https://github.com/Lameguy64/PSn00bSDK/releases/latest/download/psn00bsdk-win32.zip
2025-08-11 17:55:22,113 - component.HashUpdater - INFO - DRY RUN: Would download and update PSX Development Kit (PSn00bSDK)
2025-08-11 17:55:22,113 - component.HashUpdater - INFO - Processing N64 Development Kit (libdragon): HASH_PENDENTE_VERIFICACAO -> downloading from https://github.com/DragonMinded/libdragon/releases/latest/download/libdragon-win64.zip
2025-08-11 17:55:22,113 - component.HashUpdater - INFO - DRY RUN: Would download and update N64 Development Kit (libdragon)
2025-08-11 17:55:22,113 - component.HashUpdater - INFO - Processing GBA Development Kit (devkitARM): HASH_PENDENTE_VERIFICACAO -> downloading from https://github.com/devkitPro/installer/releases/latest/download/devkitProUpdater-3.0.4.exe
2025-08-11 17:55:22,113 - component.HashUpdater - INFO - DRY RUN: Would download and update GBA Development Kit (devkitARM)
2025-08-11 17:55:22,114 - component.HashUpdater - INFO - Processing Neo Geo Development Kit (NGDevKit): HASH_PENDENTE_VERIFICACAO -> downloading from https://github.com/dciabrin/ngdevkit/releases/latest/download/ngdevkit-win64.zip
2025-08-11 17:55:22,114 - component.HashUpdater - INFO - DRY RUN: Would download and update Neo Geo Development Kit (NGDevKit)
2025-08-11 17:55:22,114 - component.HashUpdater - INFO - Processing NES Development Kit (CC65): HASH_PENDENTE_VERIFICACAO -> downloading from https://github.com/cc65/cc65/releases/latest/download/cc65-snapshot-win32.zip
2025-08-11 17:55:22,114 - component.HashUpdater - INFO - DRY RUN: Would download and update NES Development Kit (CC65)
2025-08-11 17:55:22,114 - component.HashUpdater - INFO - Processing SGDK (Sega Genesis Development Kit): HASH_PENDENTE_VERIFICACAO -> downloading from https://github.com/Stephane-D/SGDK/releases/latest/download/sgdk180.7z
2025-08-11 17:55:22,115 - component.HashUpdater - INFO - DRY RUN: Would download and update SGDK (Sega Genesis Development Kit)
2025-08-11 17:55:22,115 - component.HashUpdater - INFO - Processing Sega Saturn Development Kit (Jo-Engine + Yaul): HASH_PENDENTE_VERIFICACAO -> downloading from https://github.com/johannes-fetz/joengine/releases/latest/download/joengine-win64.zip
2025-08-11 17:55:22,115 - component.HashUpdater - INFO - DRY RUN: Would download and update Sega Saturn Development Kit (Jo-Engine + Yaul)
2025-08-11 17:55:22,115 - component.HashUpdater - INFO - Processing BGB: HASH_PENDENTE_VERIFICACAO -> downloading from https://bgb.bircd.org/bgb.zip
2025-08-11 17:55:22,115 - component.HashUpdater - INFO - DRY RUN: Would download and update BGB
2025-08-11 17:55:22,115 - component.HashUpdater - INFO - Processing SameBoy: HASH_PENDENTE_VERIFICACAO -> downloading from https://github.com/LIJI32/SameBoy/releases/latest/download/sameboy_winsdl.zip
2025-08-11 17:55:22,116 - component.HashUpdater - INFO - DRY RUN: Would download and update SameBoy
2025-08-11 17:55:22,116 - component.HashUpdater - INFO - Processing bsnes: HASH_PENDENTE_VERIFICACAO -> downloading from https://github.com/bsnes-emu/bsnes/releases/latest/download/bsnes-windows.zip
2025-08-11 17:55:22,116 - component.HashUpdater - INFO - DRY RUN: Would download and update bsnes
2025-08-11 17:55:22,116 - component.HashUpdater - INFO - Processing Snes9x: HASH_PENDENTE_VERIFICACAO -> downloading from https://github.com/snes9xgit/snes9x/releases/latest/download/snes9x-1.62.3-win32-x64.zip
2025-08-11 17:55:22,116 - component.HashUpdater - INFO - DRY RUN: Would download and update Snes9x
2025-08-11 17:55:22,116 - component.HashUpdater - INFO - Processing DuckStation: HASH_PENDENTE_VERIFICACAO -> downloading from https://github.com/stenzek/duckstation/releases/latest/download/duckstation-windows-x64-release.zip
2025-08-11 17:55:22,116 - component.HashUpdater - INFO - DRY RUN: Would download and update DuckStation
2025-08-11 17:55:22,117 - component.HashUpdater - INFO - Processing PCSX-Redux: HASH_PENDENTE_VERIFICACAO -> downloading from https://github.com/grumpycoders/pcsx-redux/releases/latest/download/PCSX-Redux-Windows-x86_64.zip
2025-08-11 17:55:22,117 - component.HashUpdater - INFO - DRY RUN: Would download and update PCSX-Redux
2025-08-11 17:55:22,117 - component.HashUpdater - INFO - Processing Ares: HASH_PENDENTE_VERIFICACAO -> downloading from https://github.com/ares-emulator/ares/releases/latest/download/ares-windows.zip
2025-08-11 17:55:22,117 - component.HashUpdater - INFO - DRY RUN: Would download and update Ares
2025-08-11 17:55:22,118 - component.HashUpdater - INFO - Processing Mupen64Plus: HASH_PENDENTE_VERIFICACAO -> downloading from https://github.com/mupen64plus/mupen64plus-core/releases/latest/download/mupen64plus-bundle-win32.zip
2025-08-11 17:55:22,119 - component.HashUpdater - INFO - DRY RUN: Would download and update Mupen64Plus
2025-08-11 17:55:22,119 - component.HashUpdater - INFO - Processing Project64: HASH_PENDENTE_VERIFICACAO -> downloading from https://www.pj64-emu.com/file/project64-latest/
2025-08-11 17:55:22,120 - component.HashUpdater - INFO - DRY RUN: Would download and update Project64
2025-08-11 17:55:22,120 - component.HashUpdater - INFO - Processing mGBA: HASH_PENDENTE_VERIFICACAO -> downloading from https://github.com/mgba-emu/mgba/releases/latest/download/mgba-0.10.3-win64.7z
2025-08-11 17:55:22,121 - component.HashUpdater - INFO - DRY RUN: Would download and update mGBA
2025-08-11 17:55:22,121 - component.HashUpdater - INFO - Processing VBA-M: HASH_PENDENTE_VERIFICACAO -> downloading from https://github.com/visualboyadvance-m/visualboyadvance-m/releases/latest/download/visualboyadvance-m-Win-x64.zip
2025-08-11 17:55:22,122 - component.HashUpdater - INFO - DRY RUN: Would download and update VBA-M
2025-08-11 17:55:22,123 - component.HashUpdater - INFO - Processing No$GBA: HASH_PENDENTE_VERIFICACAO -> downloading from https://problemkaputt.de/gba.htm
2025-08-11 17:55:22,123 - component.HashUpdater - INFO - DRY RUN: Would download and update No$GBA
2025-08-11 17:55:22,123 - component.HashUpdater - INFO - Processing MAME: HASH_PENDENTE_VERIFICACAO -> downloading from https://github.com/mamedev/mame/releases/latest/download/mame0259b_64bit.exe
2025-08-11 17:55:22,124 - component.HashUpdater - INFO - DRY RUN: Would download and update MAME
2025-08-11 17:55:22,124 - component.HashUpdater - INFO - Processing FCEUX: HASH_PENDENTE_VERIFICACAO -> downloading from https://github.com/TASEmulators/fceux/releases/latest/download/fceux-win32.zip
2025-08-11 17:55:22,124 - component.HashUpdater - INFO - DRY RUN: Would download and update FCEUX
2025-08-11 17:55:22,125 - component.HashUpdater - INFO - Processing Nestopia: HASH_PENDENTE_VERIFICACAO -> downloading from https://github.com/0ldsk00l/nestopia/releases/latest/download/Nestopia-win64.zip
2025-08-11 17:55:22,125 - component.HashUpdater - INFO - DRY RUN: Would download and update Nestopia
2025-08-11 17:55:22,125 - component.HashUpdater - INFO - Processing Mesen: HASH_PENDENTE_VERIFICACAO -> downloading from https://github.com/SourMesen/Mesen/releases/latest/download/Mesen.zip
2025-08-11 17:55:22,126 - component.HashUpdater - INFO - DRY RUN: Would download and update Mesen
2025-08-11 17:55:22,126 - component.HashUpdater - INFO - Processing Mednafen: HASH_PENDENTE_VERIFICACAO -> downloading from https://mednafen.github.io/releases/files/mednafen-1.32.1-win64.zip
2025-08-11 17:55:22,126 - component.HashUpdater - INFO - DRY RUN: Would download and update Mednafen
2025-08-11 17:55:22,127 - component.HashUpdater - INFO - Processing SSF: HASH_PENDENTE_VERIFICACAO -> downloading from http://www7a.biglobe.ne.jp/~phantasy/ssf/SSF_012_beta_R4.lzh
2025-08-11 17:55:22,127 - component.HashUpdater - INFO - DRY RUN: Would download and update SSF
2025-08-11 17:55:22,127 - component.HashUpdater - INFO - Processing Kronos: HASH_PENDENTE_VERIFICACAO -> downloading from https://github.com/FCare/Kronos/releases/latest/download/kronos_windows.zip
2025-08-11 17:55:22,128 - component.HashUpdater - INFO - DRY RUN: Would download and update Kronos
2025-08-11 17:55:22,128 - component.HashUpdater - INFO - Processing Gens: HASH_PENDENTE_VERIFICACAO -> downloading from http://www.gens.me/downloads/gens-2.14.zip
2025-08-11 17:55:22,129 - component.HashUpdater - INFO - DRY RUN: Would download and update Gens
2025-08-11 17:55:22,129 - component.HashUpdater - INFO - Processing Fusion: HASH_PENDENTE_VERIFICACAO -> downloading from https://www.carpeludum.com/download/fusion364.zip
2025-08-11 17:55:22,129 - component.HashUpdater - INFO - DRY RUN: Would download and update Fusion
2025-08-11 17:55:22,130 - component.HashUpdater - INFO - Processing BlastEm: HASH_PENDENTE_VERIFICACAO -> downloading from https://www.retrodev.com/blastem/nightlies/blastem-win64-latest.zip
2025-08-11 17:55:22,130 - component.HashUpdater - INFO - DRY RUN: Would download and update BlastEm
2025-08-11 17:55:22,130 - component.HashUpdater - INFO - Processing file: components\runtimes.yaml
2025-08-11 17:55:22,139 - component.HashUpdater - INFO - Found 3 pending hashes in components\runtimes.yaml
2025-08-11 17:55:22,139 - component.HashUpdater - INFO - Processing Node.js: HASH_PENDENTE_VERIFICACAO -> downloading from https://nodejs.org/dist/v20.12.2/node-v20.12.2-x64.msi
2025-08-11 17:55:22,140 - component.HashUpdater - INFO - DRY RUN: Would download and update Node.js
2025-08-11 17:55:22,140 - component.HashUpdater - INFO - Processing Python: HASH_PENDENTE_VERIFICACAO -> downloading from https://www.python.org/ftp/python/3.12.2/python-3.12.2-amd64.exe
2025-08-11 17:55:22,140 - component.HashUpdater - INFO - DRY RUN: Would download and update Python
2025-08-11 17:55:22,140 - component.HashUpdater - INFO - Processing Make: HASH_PENDENTE_VERIFICACAO -> downloading from file://F:/Projetos/env_dev/downloads/make-3.81-bin.zip
2025-08-11 17:55:22,140 - component.HashUpdater - INFO - DRY RUN: Would download and update Make
2025-08-11 17:55:22,141 - component.HashUpdater - INFO - Processing file: components\steam_deck_tools.yaml
2025-08-11 17:55:22,163 - component.HashUpdater - INFO - Found 1 pending hashes in components\steam_deck_tools.yaml
2025-08-11 17:55:22,163 - component.HashUpdater - INFO - Processing Cemu (AppImage): HASH_PENDENTE_VERIFICACAO -> downloading from https://github.com/cemu-project/Cemu/releases/download/v2.0-79/Cemu-2.0-79-x86_64.AppImage
2025-08-11 17:55:22,163 - component.HashUpdater - INFO - DRY RUN: Would download and update Cemu (AppImage)
2025-08-11 17:55:22,163 - component.HashUpdater - INFO - Processing file: components\system_optimization_windows.yaml
2025-08-11 17:55:22,168 - component.HashUpdater - INFO - Found 2 pending hashes in components\system_optimization_windows.yaml
2025-08-11 17:55:22,168 - component.HashUpdater - INFO - Processing BloatyNosy: HASH_PENDENTE_VERIFICACAO -> downloading from https://github.com/builtbybel/BloatyNosy/releases/latest/download/BloatyNosy.zip
2025-08-11 17:55:22,169 - component.HashUpdater - INFO - DRY RUN: Would download and update BloatyNosy
2025-08-11 17:55:22,169 - component.HashUpdater - INFO - Processing Optimizer: HASH_PENDENTE_VERIFICACAO -> downloading from https://github.com/hellzerg/optimizer/releases/latest/download/Optimizer-16.9.exe
2025-08-11 17:55:22,169 - component.HashUpdater - INFO - DRY RUN: Would download and update Optimizer
2025-08-11 17:55:22,170 - component.HashUpdater - INFO - Processing file: components\system_tools.yaml
2025-08-11 17:55:22,180 - component.HashUpdater - INFO - Found 8 pending hashes in components\system_tools.yaml
2025-08-11 17:55:22,181 - component.HashUpdater - INFO - Processing Performance Overlay: HASH_PENDENTE_VERIFICACAO -> downloading from https://github.com/SteamDeckHomebrew/PerformanceOverlay/releases/latest/download/PerformanceOverlay.exe
2025-08-11 17:55:22,181 - component.HashUpdater - INFO - DRY RUN: Would download and update Performance Overlay
2025-08-11 17:55:22,181 - component.HashUpdater - INFO - Processing Power Control: HASH_PENDENTE_VERIFICACAO -> downloading from https://github.com/SteamDeckHomebrew/PowerControl/releases/latest/download/PowerControl.exe
2025-08-11 17:55:22,181 - component.HashUpdater - INFO - DRY RUN: Would download and update Power Control
2025-08-11 17:55:22,182 - component.HashUpdater - INFO - Processing Fan Control: HASH_PENDENTE_VERIFICACAO -> downloading from https://github.com/Rem0o/FanControl.Releases/releases/latest/download/FanControl.zip
2025-08-11 17:55:22,182 - component.HashUpdater - INFO - DRY RUN: Would download and update Fan Control
2025-08-11 17:55:22,183 - component.HashUpdater - INFO - Processing HWiNFO64: HASH_PENDENTE_VERIFICACAO -> downloading from https://www.hwinfo.com/files/hw64_800.exe
2025-08-11 17:55:22,183 - component.HashUpdater - INFO - DRY RUN: Would download and update HWiNFO64
2025-08-11 17:55:22,183 - component.HashUpdater - INFO - Processing CPU-Z: HASH_PENDENTE_VERIFICACAO -> downloading from https://download.cpuid.com/cpu-z/cpu-z_2.08-en.exe
2025-08-11 17:55:22,183 - component.HashUpdater - INFO - DRY RUN: Would download and update CPU-Z
2025-08-11 17:55:22,184 - component.HashUpdater - INFO - Processing GPU-Z: HASH_PENDENTE_VERIFICACAO -> downloading from https://ftp.techpowerup.com/gpuz/GPU-Z.2.55.0.exe
2025-08-11 17:55:22,184 - component.HashUpdater - INFO - DRY RUN: Would download and update GPU-Z
2025-08-11 17:55:22,184 - component.HashUpdater - INFO - Processing CrystalDiskInfo: HASH_PENDENTE_VERIFICACAO -> downloading from https://crystalmark.info/redirect.php?product=CrystalDiskInfo
2025-08-11 17:55:22,184 - component.HashUpdater - INFO - DRY RUN: Would download and update CrystalDiskInfo
2025-08-11 17:55:22,185 - component.HashUpdater - INFO - Processing Process Monitor: HASH_PENDENTE_VERIFICACAO -> downloading from https://download.sysinternals.com/files/ProcessMonitor.zip
2025-08-11 17:55:22,185 - component.HashUpdater - INFO - DRY RUN: Would download and update Process Monitor
2025-08-11 17:55:22,185 - component.HashUpdater - INFO - Processing file: components\system_utils.yaml
2025-08-11 17:55:22,187 - component.HashUpdater - INFO - Found 1 pending hashes in components\system_utils.yaml
2025-08-11 17:55:22,188 - component.HashUpdater - INFO - Processing Vulkan SDK: HASH_PENDENTE_VERIFICACAO -> downloading from https://sdk.lunarg.com/sdk/download/1.3.261.1/windows/VulkanSDK-1.3.261.1-Installer.exe
2025-08-11 17:55:22,188 - component.HashUpdater - INFO - DRY RUN: Would download and update Vulkan SDK
2025-08-11 17:55:22,188 - component.HashUpdater - INFO - DRY RUN - Hash update process completed. Files: 25/25 successful, Hashes updated: 0, Errors: 0
2025-08-11 17:55:22,189 - component.HashUpdater - INFO - Cleaning up Hash Updater
2025-08-11 17:55:22,190 - component.HashUpdater - INFO - Hash Updater cleaned up successfully
